---
source: src/evaluator/test.rs
expression: env
snapshot_kind: text
---
EnvStack(
    [
        {
            "a": Number(
                1.0,
            ),
        },
    ],
)
